<html>
<body>
<pre>
<h1>µVision Build Log</h1>
<h2>Project:</h2>
F:\Programming\Keil_ARM Workspace\Nokia5110_SSI\Nokia5110_SSI.uvproj
Project File Date:  06/08/2014

<h2>Output:</h2>
Build target 'SSI_Nokia5110'
compiling main.c...
linking...
Program Size: Code=1532 RO-data=496 RW-data=0 ZI-data=1120  
".\UART.axf" - 0 Error(s), 0 Warning(s).
</pre>
</body>
</html>
iling SSI_Nokia5110.c...
SSI_Nokia5110.c(134): warning:  #514-D: pointless comparison of unsigned integer with a negative constant
        for(i= 4; i > -1; --i)
SSI_Nokia5110.c: 1 warning, 0 errors
assembling startup.s...
".\UART.axf" - 1 Error(s), 1 Warning(s).
Target not created
