<html>
<body>
<pre>
<h1>µVision Build Log</h1>
<h2>Project:</h2>
F:\Programming\TM4C\TM4C12x\Embedded Systems using ARM-Cortex Workshop\Day3\PWM&EdgeTrigger Interrupts\PWM & Edge Trigger Interrupts.uvproj
Project File Date:  04/11/2015

<h2>Output:</h2>
Build target 'PWM & Edge Trigger Interrupts'
compiling Fan Control.c...
assembling startup.s...
compiling PLL.c...
compiling SysTick.c...
compiling UART0.c...
compiling Timer0PWM.c...
linking...
Program Size: Code=2140 RO-data=32 RW-data=8 ZI-data=1120  
".\PWM & Edge Trigger Interrupts.axf" - 0 Error(s), 0 Warning(s).

Clean started: Project: 'PWM & Edge Trigger Interrupts'
   deleting intermediate output files for target 'PWM & Edge Trigger Interrupts'
