<html>
<body>
<pre>
<h1>µVision Build Log</h1>
<h2>Project:</h2>
F:\Programming\TM4C\4C129\(NOT WORKING)Ohmmeter\ohmmter.uvproj
Project File Date:  12/25/2014

<h2>Output:</h2>
Build target 'Target 1'
compiling ohmmter.c...
linking...
Program Size: Code=2392 RO-data=32 RW-data=12 ZI-data=1124  
".\ohmmeter.axf" - 0 Error(s), 0 Warning(s).
Load "F:\\Programming\\TM4C\\4C129\\(NOT WORKING)Ohmmeter\\ohmmeter.axf" 
Connecting: Mode=JTAG, Speed=1000000Hz
Erase Done.
Programming Done.
Verify OK.
</pre>
</body>
</html>
C\\4C129\\(NOT WORKING)Ohmmeter\\ohmmeter.axf" 
Connecting: Mode=JTAG, Speed=1000000Hz
Erase Done.
Programming Done.
Verify OK.
