ARM Linker, 5.03 [Build 76] [MDK-ARM Professional]

==============================================================================

Section Cross References

    startup.o(RESET) refers to startup.o(STACK) for StackMem
    startup.o(RESET) refers to ssd2119.o(i.GPIOPortA_Handler) for GPIOPortA_Handler
    startup.o(RESET) refers to entry.o(.ARM.Collect$$$$00000000) for __main
    ssd2119.o(i.LCD_ColorFill) refers to ssd2119.o(i.LCD_DrawFilledRect) for LCD_DrawFilledRect
    ssd2119.o(i.LCD_DrawBMP) refers to ssd2119.o(i.LCD_WriteCommand) for LCD_WriteCommand
    ssd2119.o(i.LCD_DrawBMP) refers to ssd2119.o(i.LCD_WriteData) for LCD_WriteData
    ssd2119.o(i.LCD_DrawBMP) refers to ssd2119.o(.constdata) for .constdata
    ssd2119.o(i.LCD_DrawCircle) refers to ssd2119.o(i.LCD_DrawPixel) for LCD_DrawPixel
    ssd2119.o(i.LCD_DrawFilledCircle) refers to ssd2119.o(i.LCD_DrawPixel) for LCD_DrawPixel
    ssd2119.o(i.LCD_DrawFilledRect) refers to ssd2119.o(i.LCD_WriteCommand) for LCD_WriteCommand
    ssd2119.o(i.LCD_DrawFilledRect) refers to ssd2119.o(i.LCD_WriteData) for LCD_WriteData
    ssd2119.o(i.LCD_DrawImage) refers to ssd2119.o(i.LCD_WriteCommand) for LCD_WriteCommand
    ssd2119.o(i.LCD_DrawImage) refers to ssd2119.o(i.LCD_WriteData) for LCD_WriteData
    ssd2119.o(i.LCD_DrawLine) refers to ssd2119.o(i.LCD_DrawPixel) for LCD_DrawPixel
    ssd2119.o(i.LCD_DrawPixel) refers to ssd2119.o(i.LCD_WriteCommand) for LCD_WriteCommand
    ssd2119.o(i.LCD_DrawPixel) refers to ssd2119.o(i.LCD_WriteData) for LCD_WriteData
    ssd2119.o(i.LCD_DrawPixelRGB) refers to ssd2119.o(i.convertColor) for convertColor
    ssd2119.o(i.LCD_DrawPixelRGB) refers to ssd2119.o(i.LCD_DrawPixel) for LCD_DrawPixel
    ssd2119.o(i.LCD_DrawRect) refers to ssd2119.o(i.LCD_DrawLine) for LCD_DrawLine
    ssd2119.o(i.LCD_Goto) refers to ssd2119.o(i.LCD_SetCursor) for LCD_SetCursor
    ssd2119.o(i.LCD_Init) refers to ssd2119.o(i.LCD_GPIOInit) for LCD_GPIOInit
    ssd2119.o(i.LCD_Init) refers to ssd2119.o(i.LCD_WriteCommand) for LCD_WriteCommand
    ssd2119.o(i.LCD_Init) refers to ssd2119.o(i.LCD_WriteData) for LCD_WriteData
    ssd2119.o(i.LCD_Init) refers to ssd2119.o(i.LCD_SetCursor) for LCD_SetCursor
    ssd2119.o(i.LCD_Init) refers to ssd2119.o(i.LCD_SetTextColor) for LCD_SetTextColor
    ssd2119.o(i.LCD_PrintBinary) refers to ssd2119.o(i.LCD_PrintString) for LCD_PrintString
    ssd2119.o(i.LCD_PrintBinary) refers to ssd2119.o(i.LCD_PrintChar) for LCD_PrintChar
    ssd2119.o(i.LCD_PrintChar) refers to ssd2119.o(i.LCD_SetCursor) for LCD_SetCursor
    ssd2119.o(i.LCD_PrintChar) refers to ssd2119.o(i.LCD_DrawPixel) for LCD_DrawPixel
    ssd2119.o(i.LCD_PrintChar) refers to ssd2119.o(.data) for .data
    ssd2119.o(i.LCD_PrintChar) refers to ssd2119.o(.constdata) for .constdata
    ssd2119.o(i.LCD_PrintFloat) refers to f2d.o(.text) for __aeabi_f2d
    ssd2119.o(i.LCD_PrintFloat) refers to ssd2119.o(i.printf) for printf
    ssd2119.o(i.LCD_PrintFloat) refers to ssd2119.o(i.LCD_PrintChar) for LCD_PrintChar
    ssd2119.o(i.LCD_PrintHex) refers to ssd2119.o(i.LCD_PrintString) for LCD_PrintString
    ssd2119.o(i.LCD_PrintHex) refers to ssd2119.o(i.LCD_PrintChar) for LCD_PrintChar
    ssd2119.o(i.LCD_PrintInteger) refers to ssd2119.o(i.LCD_PrintChar) for LCD_PrintChar
    ssd2119.o(i.LCD_PrintString) refers to ssd2119.o(i.LCD_PrintChar) for LCD_PrintChar
    ssd2119.o(i.LCD_SetCursor) refers to ssd2119.o(.data) for .data
    ssd2119.o(i.LCD_SetTextColor) refers to ssd2119.o(i.convertColor) for convertColor
    ssd2119.o(i.LCD_SetTextColor) refers to ssd2119.o(.data) for .data
    ssd2119.o(i.Touch_BeginWaitForTouch) refers to startup.o(.text) for DisableInterrupts
    ssd2119.o(i.Touch_GetCoords) refers to memcpya.o(.text) for __aeabi_memcpy4
    ssd2119.o(i.Touch_GetCoords) refers to ssd2119.o(.constdata) for .constdata
    ssd2119.o(i.Touch_GetCoords) refers to ssd2119.o(.data) for .data
    ssd2119.o(i.Touch_Init) refers to ssd2119.o(i.ADC_Init) for ADC_Init
    ssd2119.o(i.Touch_ReadX) refers to ssd2119.o(i.ADC_SetChannel) for ADC_SetChannel
    ssd2119.o(i.Touch_ReadX) refers to ssd2119.o(i.ADC_Read) for ADC_Read
    ssd2119.o(i.Touch_ReadX) refers to ssd2119.o(.data) for .data
    ssd2119.o(i.Touch_ReadY) refers to ssd2119.o(i.ADC_SetChannel) for ADC_SetChannel
    ssd2119.o(i.Touch_ReadY) refers to ssd2119.o(i.ADC_Read) for ADC_Read
    ssd2119.o(i.Touch_ReadY) refers to ssd2119.o(.data) for .data
    ssd2119.o(i.Touch_ReadZ1) refers to ssd2119.o(i.ADC_SetChannel) for ADC_SetChannel
    ssd2119.o(i.Touch_ReadZ1) refers to ssd2119.o(i.ADC_Read) for ADC_Read
    ssd2119.o(i.Touch_ReadZ2) refers to ssd2119.o(i.ADC_SetChannel) for ADC_SetChannel
    ssd2119.o(i.Touch_ReadZ2) refers to ssd2119.o(i.ADC_Read) for ADC_Read
    ssd2119.o(i.printf) refers to ssd2119.o(i.LCD_PrintChar) for LCD_PrintChar
    ssd2119.o(i.printf) refers to ssd2119.o(i.LCD_PrintInteger) for LCD_PrintInteger
    ssd2119.o(i.printf) refers to ssd2119.o(i.LCD_PrintString) for LCD_PrintString
    ssd2119.o(i.printf) refers to ssd2119.o(i.LCD_PrintFloat) for LCD_PrintFloat
    ssd2119.o(i.printf) refers to ssd2119.o(i.LCD_PrintHex) for LCD_PrintHex
    ssd2119.o(i.printf) refers to ssd2119.o(i.LCD_PrintBinary) for LCD_PrintBinary
    random.o(.text) refers to random.o(DATA) for M
    lcdtestmain.o(i.BWWaitFill) refers to ssd2119.o(i.convertColor) for convertColor
    lcdtestmain.o(i.BWWaitFill) refers to ssd2119.o(i.LCD_ColorFill) for LCD_ColorFill
    lcdtestmain.o(i.BWWaitFill) refers to lcdtestmain.o(.data) for .data
    lcdtestmain.o(i.BlastChars) refers to ssd2119.o(i.LCD_SetCursor) for LCD_SetCursor
    lcdtestmain.o(i.BlastChars) refers to random.o(.text) for Random
    lcdtestmain.o(i.BlastChars) refers to ssd2119.o(i.LCD_PrintChar) for LCD_PrintChar
    lcdtestmain.o(i.LineSpin) refers to random.o(.text) for Random
    lcdtestmain.o(i.LineSpin) refers to ssd2119.o(i.convertColor) for convertColor
    lcdtestmain.o(i.LineSpin) refers to ssd2119.o(i.LCD_DrawLine) for LCD_DrawLine
    lcdtestmain.o(i.LineSpin) refers to lcdtestmain.o(.data) for .data
    lcdtestmain.o(i.MovingColorBars) refers to ssd2119.o(i.LCD_DrawPixelRGB) for LCD_DrawPixelRGB
    lcdtestmain.o(i.MovingColorBars) refers to lcdtestmain.o(.data) for .data
    lcdtestmain.o(i.PrintAsciiChars) refers to ssd2119.o(i.LCD_SetCursor) for LCD_SetCursor
    lcdtestmain.o(i.PrintAsciiChars) refers to ssd2119.o(i.LCD_PrintChar) for LCD_PrintChar
    lcdtestmain.o(i.Random4BPPTestSprite) refers to random.o(.text) for Random
    lcdtestmain.o(i.Random4BPPTestSprite) refers to ssd2119.o(i.LCD_DrawImage) for LCD_DrawImage
    lcdtestmain.o(i.Random4BPPTestSprite) refers to lcdtestmain.o(.constdata) for .constdata
    lcdtestmain.o(i.RandomCircle) refers to random.o(.text) for Random
    lcdtestmain.o(i.RandomCircle) refers to ssd2119.o(i.LCD_DrawFilledCircle) for LCD_DrawFilledCircle
    lcdtestmain.o(i.RandomColorFill) refers to random.o(.text) for Random
    lcdtestmain.o(i.RandomColorFill) refers to ssd2119.o(i.convertColor) for convertColor
    lcdtestmain.o(i.RandomColorFill) refers to ssd2119.o(i.LCD_WriteData) for LCD_WriteData
    lcdtestmain.o(i.RandomRectangles) refers to random.o(.text) for Random
    lcdtestmain.o(i.RandomRectangles) refers to ssd2119.o(i.convertColor) for convertColor
    lcdtestmain.o(i.RandomRectangles) refers to ssd2119.o(i.LCD_DrawRect) for LCD_DrawRect
    lcdtestmain.o(i.TestStringOutput) refers to ssd2119.o(i.LCD_SetCursor) for LCD_SetCursor
    lcdtestmain.o(i.TestStringOutput) refers to ssd2119.o(i.LCD_PrintString) for LCD_PrintString
    lcdtestmain.o(i.TestStringOutput) refers to lcdtestmain.o(.constdata) for .constdata
    lcdtestmain.o(i.charTest) refers to ssd2119.o(i.LCD_Goto) for LCD_Goto
    lcdtestmain.o(i.charTest) refers to ssd2119.o(i.printf) for printf
    lcdtestmain.o(i.main) refers to pll.o(i.PLL_Init) for PLL_Init
    lcdtestmain.o(i.main) refers to ssd2119.o(i.LCD_Init) for LCD_Init
    lcdtestmain.o(i.main) refers to random.o(.text) for Random_Init
    lcdtestmain.o(i.main) refers to ssd2119.o(i.Touch_Init) for Touch_Init
    lcdtestmain.o(i.main) refers to ssd2119.o(i.LCD_ColorFill) for LCD_ColorFill
    lcdtestmain.o(i.main) refers to ssd2119.o(i.LCD_SetTextColor) for LCD_SetTextColor
    lcdtestmain.o(i.main) refers to ssd2119.o(i.LCD_SetCursor) for LCD_SetCursor
    lcdtestmain.o(i.main) refers to ssd2119.o(i.LCD_PrintString) for LCD_PrintString
    lcdtestmain.o(i.printfTest) refers to ssd2119.o(i.LCD_SetCursor) for LCD_SetCursor
    lcdtestmain.o(i.printfTest) refers to ssd2119.o(i.printf) for printf
    lcdtestmain.o(i.printfTest) refers to lcdtestmain.o(.data) for .data
    lcdtestmain.o(i.sizeofStuff) refers to ssd2119.o(i.printf) for printf
    lcdtestmain.o(i.touchDebug) refers to ssd2119.o(i.Touch_ReadY) for Touch_ReadY
    lcdtestmain.o(i.touchDebug) refers to ssd2119.o(i.Touch_ReadX) for Touch_ReadX
    lcdtestmain.o(i.touchDebug) refers to ssd2119.o(i.Touch_ReadZ1) for Touch_ReadZ1
    lcdtestmain.o(i.touchDebug) refers to ssd2119.o(i.Touch_GetCoords) for Touch_GetCoords
    lcdtestmain.o(i.touchDebug) refers to ssd2119.o(i.LCD_Goto) for LCD_Goto
    lcdtestmain.o(i.touchDebug) refers to ssd2119.o(i.printf) for printf
    lcdtestmain.o(i.touchDebug) refers to lcdtestmain.o(.data) for .data
    lcdtestmain.o(i.touchDebug) refers to lcdtestmain.o(.constdata) for .constdata
    nokia5110.o(i.Nokia5110_Clear) refers to nokia5110.o(i.lcdwrite) for lcdwrite
    nokia5110.o(i.Nokia5110_Clear) refers to nokia5110.o(i.Nokia5110_SetCursor) for Nokia5110_SetCursor
    nokia5110.o(i.Nokia5110_ClearBuffer) refers to nokia5110.o(.bss) for .bss
    nokia5110.o(i.Nokia5110_DisplayBuffer) refers to nokia5110.o(i.Nokia5110_DrawFullImage) for Nokia5110_DrawFullImage
    nokia5110.o(i.Nokia5110_DisplayBuffer) refers to nokia5110.o(.bss) for .bss
    nokia5110.o(i.Nokia5110_DrawFullImage) refers to nokia5110.o(i.Nokia5110_SetCursor) for Nokia5110_SetCursor
    nokia5110.o(i.Nokia5110_DrawFullImage) refers to nokia5110.o(i.lcdwrite) for lcdwrite
    nokia5110.o(i.Nokia5110_Init) refers to nokia5110.o(i.lcdwrite) for lcdwrite
    nokia5110.o(i.Nokia5110_OutChar) refers to nokia5110.o(i.lcdwrite) for lcdwrite
    nokia5110.o(i.Nokia5110_OutChar) refers to nokia5110.o(.constdata) for .constdata
    nokia5110.o(i.Nokia5110_OutString) refers to nokia5110.o(i.Nokia5110_OutChar) for Nokia5110_OutChar
    nokia5110.o(i.Nokia5110_OutUDec) refers to nokia5110.o(i.Nokia5110_OutString) for Nokia5110_OutString
    nokia5110.o(i.Nokia5110_OutUDec) refers to nokia5110.o(i.Nokia5110_OutChar) for Nokia5110_OutChar
    nokia5110.o(i.Nokia5110_PrintBMP) refers to nokia5110.o(.bss) for .bss
    nokia5110.o(i.Nokia5110_SetCursor) refers to nokia5110.o(i.lcdwrite) for lcdwrite
    entry.o(.ARM.Collect$$$$00000000) refers (Special) to entry10a.o(.ARM.Collect$$$$0000000D) for __rt_final_cpp
    entry.o(.ARM.Collect$$$$00000000) refers (Special) to entry11a.o(.ARM.Collect$$$$0000000F) for __rt_final_exit
    entry.o(.ARM.Collect$$$$00000000) refers (Special) to entry7b.o(.ARM.Collect$$$$00000008) for _main_clock
    entry.o(.ARM.Collect$$$$00000000) refers (Special) to entry8b.o(.ARM.Collect$$$$0000000A) for _main_cpp_init
    entry.o(.ARM.Collect$$$$00000000) refers (Special) to entry9a.o(.ARM.Collect$$$$0000000B) for _main_init
    entry.o(.ARM.Collect$$$$00000000) refers (Special) to entry5.o(.ARM.Collect$$$$00000004) for _main_scatterload
    entry.o(.ARM.Collect$$$$00000000) refers (Special) to entry2.o(.ARM.Collect$$$$00000001) for _main_stk
    f2d.o(.text) refers (Special) to iusefp.o(.text) for __I$use$fp
    entry2.o(.ARM.Collect$$$$00000001) refers to entry2.o(.ARM.Collect$$$$00002712) for __lit__00000000
    entry2.o(.ARM.Collect$$$$00002712) refers to startup.o(STACK) for __initial_sp
    entry2.o(__vectab_stack_and_reset_area) refers to startup.o(STACK) for __initial_sp
    entry2.o(__vectab_stack_and_reset_area) refers to entry.o(.ARM.Collect$$$$00000000) for __main
    entry5.o(.ARM.Collect$$$$00000004) refers to init.o(.text) for __scatterload
    entry9a.o(.ARM.Collect$$$$0000000B) refers to lcdtestmain.o(i.main) for main
    entry9b.o(.ARM.Collect$$$$0000000C) refers to lcdtestmain.o(i.main) for main
    init.o(.text) refers to entry5.o(.ARM.Collect$$$$00000004) for __main_after_scatterload


==============================================================================

Removing Unused input sections from the image.

    Removing startup.o(HEAP), (0 bytes).
    Removing startup.o(.text), (28 bytes).
    Removing ssd2119.o(i.ADC_Read), (28 bytes).
    Removing ssd2119.o(i.ADC_SetChannel), (48 bytes).
    Removing ssd2119.o(i.LCD_DrawBMP), (340 bytes).
    Removing ssd2119.o(i.LCD_DrawCircle), (246 bytes).
    Removing ssd2119.o(i.LCD_DrawFilledCircle), (204 bytes).
    Removing ssd2119.o(i.LCD_DrawImage), (204 bytes).
    Removing ssd2119.o(i.LCD_DrawLine), (144 bytes).
    Removing ssd2119.o(i.LCD_DrawPixelRGB), (32 bytes).
    Removing ssd2119.o(i.LCD_DrawRect), (80 bytes).
    Removing ssd2119.o(i.LCD_Goto), (24 bytes).
    Removing ssd2119.o(i.LCD_PrintBinary), (124 bytes).
    Removing ssd2119.o(i.LCD_PrintFloat), (132 bytes).
    Removing ssd2119.o(i.LCD_PrintHex), (92 bytes).
    Removing ssd2119.o(i.LCD_PrintInteger), (90 bytes).
    Removing ssd2119.o(i.Touch_BeginWaitForTouch), (168 bytes).
    Removing ssd2119.o(i.Touch_GetCoords), (80 bytes).
    Removing ssd2119.o(i.Touch_ReadX), (224 bytes).
    Removing ssd2119.o(i.Touch_ReadY), (200 bytes).
    Removing ssd2119.o(i.Touch_ReadZ1), (184 bytes).
    Removing ssd2119.o(i.Touch_ReadZ2), (200 bytes).
    Removing ssd2119.o(i.abs), (8 bytes).
    Removing ssd2119.o(i.printf), (128 bytes).
    Removing ssd2119.o(.data), (1 bytes).
    Removing lcdtestmain.o(i.BWWaitFill), (72 bytes).
    Removing lcdtestmain.o(i.BlastChars), (32 bytes).
    Removing lcdtestmain.o(i.LineSpin), (252 bytes).
    Removing lcdtestmain.o(i.MovingColorBars), (100 bytes).
    Removing lcdtestmain.o(i.PrintAsciiChars), (28 bytes).
    Removing lcdtestmain.o(i.Random4BPPTestSprite), (56 bytes).
    Removing lcdtestmain.o(i.RandomCircle), (68 bytes).
    Removing lcdtestmain.o(i.RandomColorFill), (58 bytes).
    Removing lcdtestmain.o(i.RandomRectangles), (136 bytes).
    Removing lcdtestmain.o(i.TestStringOutput), (24 bytes).
    Removing lcdtestmain.o(i.charTest), (28 bytes).
    Removing lcdtestmain.o(i.printfTest), (104 bytes).
    Removing lcdtestmain.o(i.sizeofStuff), (200 bytes).
    Removing lcdtestmain.o(i.touchDebug), (68 bytes).
    Removing lcdtestmain.o(.constdata), (305 bytes).
    Removing lcdtestmain.o(.constdata), (32 bytes).
    Removing lcdtestmain.o(.constdata), (215 bytes).
    Removing lcdtestmain.o(.data), (28 bytes).
    Removing lcdtestmain.o(.data), (4 bytes).
    Removing lcdtestmain.o(.data), (4 bytes).
    Removing nokia5110.o(i.Nokia5110_Clear), (34 bytes).
    Removing nokia5110.o(i.Nokia5110_ClearBuffer), (24 bytes).
    Removing nokia5110.o(i.Nokia5110_DisplayBuffer), (12 bytes).
    Removing nokia5110.o(i.Nokia5110_DrawFullImage), (34 bytes).
    Removing nokia5110.o(i.Nokia5110_Init), (280 bytes).
    Removing nokia5110.o(i.Nokia5110_OutChar), (56 bytes).
    Removing nokia5110.o(i.Nokia5110_OutString), (22 bytes).
    Removing nokia5110.o(i.Nokia5110_OutUDec), (172 bytes).
    Removing nokia5110.o(i.Nokia5110_PrintBMP), (280 bytes).
    Removing nokia5110.o(i.Nokia5110_SetCursor), (46 bytes).
    Removing nokia5110.o(i.lcdwrite), (52 bytes).
    Removing nokia5110.o(.bss), (504 bytes).
    Removing nokia5110.o(.constdata), (480 bytes).
    Removing f2d.o(.text), (38 bytes).

59 unused section(s) (total 6857 bytes) removed from the image.

==============================================================================

Image Symbol Table

    Local Symbols

    Symbol Name                              Value     Ov Type        Size  Object(Section)

    RESET                                    0x00000000   Section      660  startup.o(RESET)
    ../clib/microlib/init/entry.s            0x00000000   Number         0  entry8b.o ABSOLUTE
    ../clib/microlib/init/entry.s            0x00000000   Number         0  entry.o ABSOLUTE
    ../clib/microlib/init/entry.s            0x00000000   Number         0  entry2.o ABSOLUTE
    ../clib/microlib/init/entry.s            0x00000000   Number         0  entry11b.o ABSOLUTE
    ../clib/microlib/init/entry.s            0x00000000   Number         0  entry5.o ABSOLUTE
    ../clib/microlib/init/entry.s            0x00000000   Number         0  entry11a.o ABSOLUTE
    ../clib/microlib/init/entry.s            0x00000000   Number         0  entry10b.o ABSOLUTE
    ../clib/microlib/init/entry.s            0x00000000   Number         0  entry7a.o ABSOLUTE
    ../clib/microlib/init/entry.s            0x00000000   Number         0  entry10a.o ABSOLUTE
    ../clib/microlib/init/entry.s            0x00000000   Number         0  entry9b.o ABSOLUTE
    ../clib/microlib/init/entry.s            0x00000000   Number         0  entry7b.o ABSOLUTE
    ../clib/microlib/init/entry.s            0x00000000   Number         0  entry9a.o ABSOLUTE
    ../clib/microlib/init/entry.s            0x00000000   Number         0  entry8a.o ABSOLUTE
    ../clib/microlib/string/memcpy.c         0x00000000   Number         0  memcpyb.o ABSOLUTE
    ../clib/microlib/string/memcpy.c         0x00000000   Number         0  memcpya.o ABSOLUTE
    ../clib/microlib/stubs.s                 0x00000000   Number         0  iusefp.o ABSOLUTE
    ../fplib/microlib/f2d.c                  0x00000000   Number         0  f2d.o ABSOLUTE
    LCDTestMain.c                            0x00000000   Number         0  lcdtestmain.o ABSOLUTE
    Nokia5110.c                              0x00000000   Number         0  nokia5110.o ABSOLUTE
    PLL.c                                    0x00000000   Number         0  pll.o ABSOLUTE
    SSD2119.c                                0x00000000   Number         0  ssd2119.o ABSOLUTE
    dc.s                                     0x00000000   Number         0  dc.o ABSOLUTE
    handlers.s                               0x00000000   Number         0  handlers.o ABSOLUTE
    init.s                                   0x00000000   Number         0  init.o ABSOLUTE
    random.s                                 0x00000000   Number         0  random.o ABSOLUTE
    startup.s                                0x00000000   Number         0  startup.o ABSOLUTE
    $v0                                      0x0000026c   Number         0  startup.o(RESET)
    .ARM.Collect$$$$00000000                 0x00000294   Section        0  entry.o(.ARM.Collect$$$$00000000)
    .ARM.Collect$$$$00000001                 0x00000294   Section        4  entry2.o(.ARM.Collect$$$$00000001)
    .ARM.Collect$$$$00000004                 0x00000298   Section        4  entry5.o(.ARM.Collect$$$$00000004)
    .ARM.Collect$$$$00000008                 0x0000029c   Section        0  entry7b.o(.ARM.Collect$$$$00000008)
    .ARM.Collect$$$$0000000A                 0x0000029c   Section        0  entry8b.o(.ARM.Collect$$$$0000000A)
    .ARM.Collect$$$$0000000B                 0x0000029c   Section        8  entry9a.o(.ARM.Collect$$$$0000000B)
    .ARM.Collect$$$$0000000D                 0x000002a4   Section        0  entry10a.o(.ARM.Collect$$$$0000000D)
    .ARM.Collect$$$$0000000F                 0x000002a4   Section        0  entry11a.o(.ARM.Collect$$$$0000000F)
    .ARM.Collect$$$$00002712                 0x000002a4   Section        4  entry2.o(.ARM.Collect$$$$00002712)
    __lit__00000000                          0x000002a4   Data           4  entry2.o(.ARM.Collect$$$$00002712)
    .text                                    0x000002a8   Section       40  random.o(.text)
    $v0                                      0x000002a8   Number         0  random.o(.text)
    .text                                    0x000002d0   Section       36  init.o(.text)
    i.ADC_Init                               0x000002f4   Section        0  ssd2119.o(i.ADC_Init)
    i.GPIOPortA_Handler                      0x0000036c   Section        0  ssd2119.o(i.GPIOPortA_Handler)
    i.LCD_ColorFill                          0x00000378   Section        0  ssd2119.o(i.LCD_ColorFill)
    i.LCD_DrawFilledRect                     0x0000038c   Section        0  ssd2119.o(i.LCD_DrawFilledRect)
    i.LCD_DrawPixel                          0x000003dc   Section        0  ssd2119.o(i.LCD_DrawPixel)
    i.LCD_GPIOInit                           0x0000040c   Section        0  ssd2119.o(i.LCD_GPIOInit)
    i.LCD_Init                               0x000004a0   Section        0  ssd2119.o(i.LCD_Init)
    i.LCD_PrintChar                          0x00000644   Section        0  ssd2119.o(i.LCD_PrintChar)
    i.LCD_PrintString                        0x000006e8   Section        0  ssd2119.o(i.LCD_PrintString)
    i.LCD_SetCursor                          0x00000704   Section        0  ssd2119.o(i.LCD_SetCursor)
    i.LCD_SetTextColor                       0x00000710   Section        0  ssd2119.o(i.LCD_SetTextColor)
    i.LCD_WriteCommand                       0x00000720   Section        0  ssd2119.o(i.LCD_WriteCommand)
    i.LCD_WriteData                          0x00000760   Section        0  ssd2119.o(i.LCD_WriteData)
    i.PLL_Init                               0x000007a0   Section        0  pll.o(i.PLL_Init)
    i.Touch_Init                             0x00000800   Section        0  ssd2119.o(i.Touch_Init)
    i.__scatterload_copy                     0x0000083c   Section       14  handlers.o(i.__scatterload_copy)
    i.__scatterload_null                     0x0000084a   Section        2  handlers.o(i.__scatterload_null)
    i.__scatterload_zeroinit                 0x0000084c   Section       14  handlers.o(i.__scatterload_zeroinit)
    i.convertColor                           0x0000085a   Section        0  ssd2119.o(i.convertColor)
    i.main                                   0x0000086c   Section        0  lcdtestmain.o(i.main)
    .constdata                               0x000008b4   Section      540  ssd2119.o(.constdata)
    ASCII                                    0x000008b4   Data         480  ssd2119.o(.constdata)
    .data                                    0x20000000   Section       10  ssd2119.o(.data)
    DATA                                     0x2000000c   Section        4  random.o(DATA)
    M                                        0x2000000c   Data           4  random.o(DATA)
    STACK                                    0x20000010   Section     1024  startup.o(STACK)
    StackMem                                 0x20000010   Data           0  startup.o(STACK)

    Global Symbols

    Symbol Name                              Value     Ov Type        Size  Object(Section)

    BuildAttributes$$THM_ISAv4$E$P$D$K$B$S$7EM$VFPi3$EXTD16$VFPS$VFMA$PE$A:L22UL41UL21$X:L11$S22US41US21$IEEE1$IW$USESV6$~STKCKD$USESV7$~SHL$OSPACE$ROPI$EBA8$MICROLIB$REQ8$PRES8$EABIv2 0x00000000   Number         0  anon$$obj.o ABSOLUTE
    __ARM_use_no_argv                        0x00000000   Number         0  lcdtestmain.o ABSOLUTE
    __Vectors                                0x00000000   Data           0  startup.o(RESET)
    __cpp_initialize__aeabi_                  - Undefined Weak Reference
    __cxa_finalize                            - Undefined Weak Reference
    __decompress                              - Undefined Weak Reference
    _clock_init                               - Undefined Weak Reference
    _microlib_exit                            - Undefined Weak Reference
    Reset_Handler                            0x0000026d   Thumb Code     0  startup.o(RESET)
    NMI_Handler                              0x00000281   Thumb Code     2  startup.o(RESET)
    HardFault_Handler                        0x00000283   Thumb Code     2  startup.o(RESET)
    MemManage_Handler                        0x00000285   Thumb Code     2  startup.o(RESET)
    BusFault_Handler                         0x00000287   Thumb Code     2  startup.o(RESET)
    UsageFault_Handler                       0x00000289   Thumb Code     2  startup.o(RESET)
    SVC_Handler                              0x0000028b   Thumb Code     2  startup.o(RESET)
    DebugMon_Handler                         0x0000028d   Thumb Code     2  startup.o(RESET)
    PendSV_Handler                           0x0000028f   Thumb Code     2  startup.o(RESET)
    SysTick_Handler                          0x00000291   Thumb Code     2  startup.o(RESET)
    ADC0Seq0_Handler                         0x00000293   Thumb Code     0  startup.o(RESET)
    ADC0Seq1_Handler                         0x00000293   Thumb Code     0  startup.o(RESET)
    ADC0Seq2_Handler                         0x00000293   Thumb Code     0  startup.o(RESET)
    ADC0Seq3_Handler                         0x00000293   Thumb Code     0  startup.o(RESET)
    ADC1Seq0_Handler                         0x00000293   Thumb Code     0  startup.o(RESET)
    ADC1Seq1_Handler                         0x00000293   Thumb Code     0  startup.o(RESET)
    ADC1Seq2_Handler                         0x00000293   Thumb Code     0  startup.o(RESET)
    ADC1Seq3_Handler                         0x00000293   Thumb Code     0  startup.o(RESET)
    CAN0_Handler                             0x00000293   Thumb Code     0  startup.o(RESET)
    CAN1_Handler                             0x00000293   Thumb Code     0  startup.o(RESET)
    CAN2_Handler                             0x00000293   Thumb Code     0  startup.o(RESET)
    Comp0_Handler                            0x00000293   Thumb Code     0  startup.o(RESET)
    Comp1_Handler                            0x00000293   Thumb Code     0  startup.o(RESET)
    Comp2_Handler                            0x00000293   Thumb Code     0  startup.o(RESET)
    Ethernet_Handler                         0x00000293   Thumb Code     0  startup.o(RESET)
    ExtBus_Handler                           0x00000293   Thumb Code     0  startup.o(RESET)
    FPU_Handler                              0x00000293   Thumb Code     0  startup.o(RESET)
    Fan0_Handler                             0x00000293   Thumb Code     0  startup.o(RESET)
    FlashCtl_Handler                         0x00000293   Thumb Code     0  startup.o(RESET)
    GPIOPortB_Handler                        0x00000293   Thumb Code     0  startup.o(RESET)
    GPIOPortC_Handler                        0x00000293   Thumb Code     0  startup.o(RESET)
    GPIOPortD_Handler                        0x00000293   Thumb Code     0  startup.o(RESET)
    GPIOPortE_Handler                        0x00000293   Thumb Code     0  startup.o(RESET)
    GPIOPortF_Handler                        0x00000293   Thumb Code     0  startup.o(RESET)
    GPIOPortG_Handler                        0x00000293   Thumb Code     0  startup.o(RESET)
    GPIOPortH_Handler                        0x00000293   Thumb Code     0  startup.o(RESET)
    GPIOPortJ_Handler                        0x00000293   Thumb Code     0  startup.o(RESET)
    GPIOPortK_Handler                        0x00000293   Thumb Code     0  startup.o(RESET)
    GPIOPortL_Handler                        0x00000293   Thumb Code     0  startup.o(RESET)
    GPIOPortM_Handler                        0x00000293   Thumb Code     0  startup.o(RESET)
    GPIOPortN_Handler                        0x00000293   Thumb Code     0  startup.o(RESET)
    GPIOPortP1_Handler                       0x00000293   Thumb Code     0  startup.o(RESET)
    GPIOPortP2_Handler                       0x00000293   Thumb Code     0  startup.o(RESET)
    GPIOPortP3_Handler                       0x00000293   Thumb Code     0  startup.o(RESET)
    GPIOPortP4_Handler                       0x00000293   Thumb Code     0  startup.o(RESET)
    GPIOPortP5_Handler                       0x00000293   Thumb Code     0  startup.o(RESET)
    GPIOPortP6_Handler                       0x00000293   Thumb Code     0  startup.o(RESET)
    GPIOPortP7_Handler                       0x00000293   Thumb Code     0  startup.o(RESET)
    GPIOPortP_Handler                        0x00000293   Thumb Code     0  startup.o(RESET)
    GPIOPortQ1_Handler                       0x00000293   Thumb Code     0  startup.o(RESET)
    GPIOPortQ2_Handler                       0x00000293   Thumb Code     0  startup.o(RESET)
    GPIOPortQ3_Handler                       0x00000293   Thumb Code     0  startup.o(RESET)
    GPIOPortQ4_Handler                       0x00000293   Thumb Code     0  startup.o(RESET)
    GPIOPortQ5_Handler                       0x00000293   Thumb Code     0  startup.o(RESET)
    GPIOPortQ6_Handler                       0x00000293   Thumb Code     0  startup.o(RESET)
    GPIOPortQ7_Handler                       0x00000293   Thumb Code     0  startup.o(RESET)
    GPIOPortQ_Handler                        0x00000293   Thumb Code     0  startup.o(RESET)
    GPIOPortR_Handler                        0x00000293   Thumb Code     0  startup.o(RESET)
    GPIOPortS_Handler                        0x00000293   Thumb Code     0  startup.o(RESET)
    Hibernate_Handler                        0x00000293   Thumb Code     0  startup.o(RESET)
    I2C0_Handler                             0x00000293   Thumb Code     0  startup.o(RESET)
    I2C1_Handler                             0x00000293   Thumb Code     0  startup.o(RESET)
    I2C2_Handler                             0x00000293   Thumb Code     0  startup.o(RESET)
    I2C3_Handler                             0x00000293   Thumb Code     0  startup.o(RESET)
    I2C4_Handler                             0x00000293   Thumb Code     0  startup.o(RESET)
    I2C5_Handler                             0x00000293   Thumb Code     0  startup.o(RESET)
    I2S0_Handler                             0x00000293   Thumb Code     0  startup.o(RESET)
    LPC0_Handler                             0x00000293   Thumb Code     0  startup.o(RESET)
    PECI0_Handler                            0x00000293   Thumb Code     0  startup.o(RESET)
    PWM0Fault_Handler                        0x00000293   Thumb Code     0  startup.o(RESET)
    PWM0Generator0_Handler                   0x00000293   Thumb Code     0  startup.o(RESET)
    PWM0Generator1_Handler                   0x00000293   Thumb Code     0  startup.o(RESET)
    PWM0Generator2_Handler                   0x00000293   Thumb Code     0  startup.o(RESET)
    PWM0Generator3_Handler                   0x00000293   Thumb Code     0  startup.o(RESET)
    PWM1Fault_Handler                        0x00000293   Thumb Code     0  startup.o(RESET)
    PWM1Generator0_Handler                   0x00000293   Thumb Code     0  startup.o(RESET)
    PWM1Generator1_Handler                   0x00000293   Thumb Code     0  startup.o(RESET)
    PWM1Generator2_Handler                   0x00000293   Thumb Code     0  startup.o(RESET)
    PWM1Generator3_Handler                   0x00000293   Thumb Code     0  startup.o(RESET)
    Quadrature0_Handler                      0x00000293   Thumb Code     0  startup.o(RESET)
    Quadrature1_Handler                      0x00000293   Thumb Code     0  startup.o(RESET)
    Quadrature2_Handler                      0x00000293   Thumb Code     0  startup.o(RESET)
    SSI0_Handler                             0x00000293   Thumb Code     0  startup.o(RESET)
    SSI1_Handler                             0x00000293   Thumb Code     0  startup.o(RESET)
    SSI2_Handler                             0x00000293   Thumb Code     0  startup.o(RESET)
    SSI3_Handler                             0x00000293   Thumb Code     0  startup.o(RESET)
    SysCtl_Handler                           0x00000293   Thumb Code     0  startup.o(RESET)
    Timer0A_Handler                          0x00000293   Thumb Code     0  startup.o(RESET)
    Timer0B_Handler                          0x00000293   Thumb Code     0  startup.o(RESET)
    Timer1A_Handler                          0x00000293   Thumb Code     0  startup.o(RESET)
    Timer1B_Handler                          0x00000293   Thumb Code     0  startup.o(RESET)
    Timer2A_Handler                          0x00000293   Thumb Code     0  startup.o(RESET)
    Timer2B_Handler                          0x00000293   Thumb Code     0  startup.o(RESET)
    Timer3A_Handler                          0x00000293   Thumb Code     0  startup.o(RESET)
    Timer3B_Handler                          0x00000293   Thumb Code     0  startup.o(RESET)
    Timer4A_Handler                          0x00000293   Thumb Code     0  startup.o(RESET)
    Timer4B_Handler                          0x00000293   Thumb Code     0  startup.o(RESET)
    Timer5A_Handler                          0x00000293   Thumb Code     0  startup.o(RESET)
    Timer5B_Handler                          0x00000293   Thumb Code     0  startup.o(RESET)
    UART0_Handler                            0x00000293   Thumb Code     0  startup.o(RESET)
    UART1_Handler                            0x00000293   Thumb Code     0  startup.o(RESET)
    UART2_Handler                            0x00000293   Thumb Code     0  startup.o(RESET)
    UART3_Handler                            0x00000293   Thumb Code     0  startup.o(RESET)
    UART4_Handler                            0x00000293   Thumb Code     0  startup.o(RESET)
    UART5_Handler                            0x00000293   Thumb Code     0  startup.o(RESET)
    UART6_Handler                            0x00000293   Thumb Code     0  startup.o(RESET)
    UART7_Handler                            0x00000293   Thumb Code     0  startup.o(RESET)
    USB0_Handler                             0x00000293   Thumb Code     0  startup.o(RESET)
    WDT_Handler                              0x00000293   Thumb Code     0  startup.o(RESET)
    WideTimer0A_Handler                      0x00000293   Thumb Code     0  startup.o(RESET)
    WideTimer0B_Handler                      0x00000293   Thumb Code     0  startup.o(RESET)
    WideTimer1A_Handler                      0x00000293   Thumb Code     0  startup.o(RESET)
    WideTimer1B_Handler                      0x00000293   Thumb Code     0  startup.o(RESET)
    WideTimer2A_Handler                      0x00000293   Thumb Code     0  startup.o(RESET)
    WideTimer2B_Handler                      0x00000293   Thumb Code     0  startup.o(RESET)
    WideTimer3A_Handler                      0x00000293   Thumb Code     0  startup.o(RESET)
    WideTimer3B_Handler                      0x00000293   Thumb Code     0  startup.o(RESET)
    WideTimer4A_Handler                      0x00000293   Thumb Code     0  startup.o(RESET)
    WideTimer4B_Handler                      0x00000293   Thumb Code     0  startup.o(RESET)
    WideTimer5A_Handler                      0x00000293   Thumb Code     0  startup.o(RESET)
    WideTimer5B_Handler                      0x00000293   Thumb Code     0  startup.o(RESET)
    uDMA_Error                               0x00000293   Thumb Code     0  startup.o(RESET)
    uDMA_Handler                             0x00000293   Thumb Code     0  startup.o(RESET)
    __main                                   0x00000295   Thumb Code     0  entry.o(.ARM.Collect$$$$00000000)
    _main_stk                                0x00000295   Thumb Code     0  entry2.o(.ARM.Collect$$$$00000001)
    _main_scatterload                        0x00000299   Thumb Code     0  entry5.o(.ARM.Collect$$$$00000004)
    __main_after_scatterload                 0x0000029d   Thumb Code     0  entry5.o(.ARM.Collect$$$$00000004)
    _main_clock                              0x0000029d   Thumb Code     0  entry7b.o(.ARM.Collect$$$$00000008)
    _main_cpp_init                           0x0000029d   Thumb Code     0  entry8b.o(.ARM.Collect$$$$0000000A)
    _main_init                               0x0000029d   Thumb Code     0  entry9a.o(.ARM.Collect$$$$0000000B)
    __rt_final_cpp                           0x000002a5   Thumb Code     0  entry10a.o(.ARM.Collect$$$$0000000D)
    __rt_final_exit                          0x000002a5   Thumb Code     0  entry11a.o(.ARM.Collect$$$$0000000F)
    Random_Init                              0x000002a9   Thumb Code     0  random.o(.text)
    Random                                   0x000002b3   Thumb Code     2  random.o(.text)
    __scatterload                            0x000002d1   Thumb Code    28  init.o(.text)
    __scatterload_rt2                        0x000002d1   Thumb Code     0  init.o(.text)
    ADC_Init                                 0x000002f5   Thumb Code   108  ssd2119.o(i.ADC_Init)
    GPIOPortA_Handler                        0x0000036d   Thumb Code     8  ssd2119.o(i.GPIOPortA_Handler)
    LCD_ColorFill                            0x00000379   Thumb Code    20  ssd2119.o(i.LCD_ColorFill)
    LCD_DrawFilledRect                       0x0000038d   Thumb Code    80  ssd2119.o(i.LCD_DrawFilledRect)
    LCD_DrawPixel                            0x000003dd   Thumb Code    48  ssd2119.o(i.LCD_DrawPixel)
    LCD_GPIOInit                             0x0000040d   Thumb Code   128  ssd2119.o(i.LCD_GPIOInit)
    LCD_Init                                 0x000004a1   Thumb Code   414  ssd2119.o(i.LCD_Init)
    LCD_PrintChar                            0x00000645   Thumb Code   154  ssd2119.o(i.LCD_PrintChar)
    LCD_PrintString                          0x000006e9   Thumb Code    26  ssd2119.o(i.LCD_PrintString)
    LCD_SetCursor                            0x00000705   Thumb Code     8  ssd2119.o(i.LCD_SetCursor)
    LCD_SetTextColor                         0x00000711   Thumb Code    12  ssd2119.o(i.LCD_SetTextColor)
    LCD_WriteCommand                         0x00000721   Thumb Code    54  ssd2119.o(i.LCD_WriteCommand)
    LCD_WriteData                            0x00000761   Thumb Code    54  ssd2119.o(i.LCD_WriteData)
    PLL_Init                                 0x000007a1   Thumb Code    90  pll.o(i.PLL_Init)
    Touch_Init                               0x00000801   Thumb Code    46  ssd2119.o(i.Touch_Init)
    __scatterload_copy                       0x0000083d   Thumb Code    14  handlers.o(i.__scatterload_copy)
    __scatterload_null                       0x0000084b   Thumb Code     2  handlers.o(i.__scatterload_null)
    __scatterload_zeroinit                   0x0000084d   Thumb Code    14  handlers.o(i.__scatterload_zeroinit)
    convertColor                             0x0000085b   Thumb Code    16  ssd2119.o(i.convertColor)
    main                                     0x0000086d   Thumb Code    56  lcdtestmain.o(i.main)
    Color4                                   0x00000a94   Data          32  ssd2119.o(.constdata)
    Region$$Table$$Base                      0x00000ad0   Number         0  anon$$obj.o(Region$$Table)
    Region$$Table$$Limit                     0x00000af0   Number         0  anon$$obj.o(Region$$Table)
    cursorX                                  0x20000000   Data           2  ssd2119.o(.data)
    cursorY                                  0x20000002   Data           2  ssd2119.o(.data)
    textColor                                0x20000004   Data           2  ssd2119.o(.data)
    Touch_XVal                               0x20000006   Data           2  ssd2119.o(.data)
    Touch_YVal                               0x20000008   Data           2  ssd2119.o(.data)
    __initial_sp                             0x20000410   Data           0  startup.o(STACK)



==============================================================================

Memory Map of the image

  Image Entry point : 0x00000295

  Load Region LR_IROM1 (Base: 0x00000000, Size: 0x00000b00, Max: 0x00040000, ABSOLUTE)

    Execution Region ER_IROM1 (Base: 0x00000000, Size: 0x00000af0, Max: 0x00040000, ABSOLUTE)

    Base Addr    Size         Type   Attr      Idx    E Section Name        Object

    0x00000000   0x00000294   Code   RO            3    RESET               startup.o
    0x00000294   0x00000000   Code   RO          453  * .ARM.Collect$$$$00000000  mc_w.l(entry.o)
    0x00000294   0x00000004   Code   RO          462    .ARM.Collect$$$$00000001  mc_w.l(entry2.o)
    0x00000298   0x00000004   Code   RO          465    .ARM.Collect$$$$00000004  mc_w.l(entry5.o)
    0x0000029c   0x00000000   Code   RO          467    .ARM.Collect$$$$00000008  mc_w.l(entry7b.o)
    0x0000029c   0x00000000   Code   RO          469    .ARM.Collect$$$$0000000A  mc_w.l(entry8b.o)
    0x0000029c   0x00000008   Code   RO          470    .ARM.Collect$$$$0000000B  mc_w.l(entry9a.o)
    0x000002a4   0x00000000   Code   RO          472    .ARM.Collect$$$$0000000D  mc_w.l(entry10a.o)
    0x000002a4   0x00000000   Code   RO          474    .ARM.Collect$$$$0000000F  mc_w.l(entry11a.o)
    0x000002a4   0x00000004   Code   RO          463    .ARM.Collect$$$$00002712  mc_w.l(entry2.o)
    0x000002a8   0x00000028   Code   RO          263    .text               random.o
    0x000002d0   0x00000024   Code   RO          477    .text               mc_w.l(init.o)
    0x000002f4   0x00000078   Code   RO           28    i.ADC_Init          ssd2119.o
    0x0000036c   0x0000000c   Code   RO           31    i.GPIOPortA_Handler  ssd2119.o
    0x00000378   0x00000014   Code   RO           32    i.LCD_ColorFill     ssd2119.o
    0x0000038c   0x00000050   Code   RO           36    i.LCD_DrawFilledRect  ssd2119.o
    0x000003dc   0x00000030   Code   RO           39    i.LCD_DrawPixel     ssd2119.o
    0x0000040c   0x00000094   Code   RO           42    i.LCD_GPIOInit      ssd2119.o
    0x000004a0   0x000001a4   Code   RO           44    i.LCD_Init          ssd2119.o
    0x00000644   0x000000a4   Code   RO           46    i.LCD_PrintChar     ssd2119.o
    0x000006e8   0x0000001a   Code   RO           50    i.LCD_PrintString   ssd2119.o
    0x00000702   0x00000002   PAD
    0x00000704   0x0000000c   Code   RO           51    i.LCD_SetCursor     ssd2119.o
    0x00000710   0x00000010   Code   RO           52    i.LCD_SetTextColor  ssd2119.o
    0x00000720   0x00000040   Code   RO           53    i.LCD_WriteCommand  ssd2119.o
    0x00000760   0x00000040   Code   RO           54    i.LCD_WriteData     ssd2119.o
    0x000007a0   0x00000060   Code   RO           12    i.PLL_Init          pll.o
    0x00000800   0x0000003c   Code   RO           57    i.Touch_Init        ssd2119.o
    0x0000083c   0x0000000e   Code   RO          481    i.__scatterload_copy  mc_w.l(handlers.o)
    0x0000084a   0x00000002   Code   RO          482    i.__scatterload_null  mc_w.l(handlers.o)
    0x0000084c   0x0000000e   Code   RO          483    i.__scatterload_zeroinit  mc_w.l(handlers.o)
    0x0000085a   0x00000010   Code   RO           63    i.convertColor      ssd2119.o
    0x0000086a   0x00000002   PAD
    0x0000086c   0x00000048   Code   RO          277    i.main              lcdtestmain.o
    0x000008b4   0x0000021c   Data   RO           65    .constdata          ssd2119.o
    0x00000ad0   0x00000020   Data   RO          479    Region$$Table       anon$$obj.o


    Execution Region RW_IRAM1 (Base: 0x20000000, Size: 0x00000410, Max: 0x00008000, ABSOLUTE)

    Base Addr    Size         Type   Attr      Idx    E Section Name        Object

    0x20000000   0x0000000a   Data   RW           67    .data               ssd2119.o
    0x2000000a   0x00000002   PAD
    0x2000000c   0x00000004   Data   RW          262    DATA                random.o
    0x20000010   0x00000400   Zero   RW            1    STACK               startup.o


==============================================================================

Image component sizes


      Code (inc. data)   RO Data    RW Data    ZI Data      Debug   Object Name

        72         16          0          0          0        483   lcdtestmain.o
        96          6          0          0          0       1859   pll.o
        40         12          0          4          0        176   random.o
      1270         94        540         10          0      10887   ssd2119.o
       660        620          0          0       1024        736   startup.o

    ----------------------------------------------------------------------
      2142        748        572         16       1024      14141   Object Totals
         0          0         32          0          0          0   (incl. Generated)
         4          0          0          2          0          0   (incl. Padding)

    ----------------------------------------------------------------------

      Code (inc. data)   RO Data    RW Data    ZI Data      Debug   Library Member Name

         0          0          0          0          0          0   entry.o
         0          0          0          0          0          0   entry10a.o
         0          0          0          0          0          0   entry11a.o
         8          4          0          0          0          0   entry2.o
         4          0          0          0          0          0   entry5.o
         0          0          0          0          0          0   entry7b.o
         0          0          0          0          0          0   entry8b.o
         8          4          0          0          0          0   entry9a.o
        30          0          0          0          0          0   handlers.o
        36          8          0          0          0         68   init.o

    ----------------------------------------------------------------------
        86         16          0          0          0         68   Library Totals
         0          0          0          0          0          0   (incl. Padding)

    ----------------------------------------------------------------------

      Code (inc. data)   RO Data    RW Data    ZI Data      Debug   Library Name

        86         16          0          0          0         68   mc_w.l

    ----------------------------------------------------------------------
        86         16          0          0          0         68   Library Totals

    ----------------------------------------------------------------------

==============================================================================


      Code (inc. data)   RO Data    RW Data    ZI Data      Debug   

      2228        764        572         16       1024      13109   Grand Totals
      2228        764        572         16       1024      13109   ELF Image Totals
      2228        764        572         16          0          0   ROM Totals

==============================================================================

    Total RO  Size (Code + RO Data)                 2800 (   2.73kB)
    Total RW  Size (RW Data + ZI Data)              1040 (   1.02kB)
    Total ROM Size (Code + RO Data + RW Data)       2816 (   2.75kB)

==============================================================================

