<html>
<body>
<pre>
<h1>µVision Build Log</h1>
<h2>Project:</h2>
F:\Programming\TM4C\4C123\Kentec_4C123\LCDTest.uvproj
Project File Date:  08/19/2014

<h2>Output:</h2>
Build target 'LCDTest'
assembling startup.s...
compiling PLL.c...
compiling SSD2119.c...
assembling random.s...
compiling LCDTestMain.c...
LCDTestMain.c(38): warning:  #177-D: variable "i" was declared but never referenced
   int main(void){unsigned long i=0;
LCDTestMain.c: 1 warning, 0 errors
compiling Nokia5110.c...
linking...
Program Size: Code=2228 RO-data=572 RW-data=16 ZI-data=1024  
".\LCDTest.axf" - 0 Error(s), 1 Warning(s).
</pre>
</body>
</html>
