<html>
<body>
<pre>
<h1>µVision Build Log</h1>
<h2>Project:</h2>
F:\Programming\TM4C\4C123\4-bit Piano\Piano.uvproj
Project File Date:  11/22/2014

<h2>Output:</h2>
Build target 'main'
compiling main.c...
main.c(66): warning:  #550-D: variable "delay" was set but never used
        unsigned long delay;
main.c: 1 warning, 0 errors
linking...
Program Size: Code=1746 RO-data=66 RW-data=8 ZI-data=1120  
".\Lab13.axf" - 0 Error(s), 1 Warning(s).
Load "F:\\Programming\\TM4C\\4C123\\4-bit Piano\\Lab13.axf" 
Connecting: Mode=JTAG, Speed=1000000Hz
Erase Done.
Programming Done.
Verify OK.
</pre>
</body>
</html>
t Piano\\Lab13.axf" 
Connecting: Mode=JTAG, Speed=1000000Hz
Erase Done.
Programming Done.
Verify OK.
Done.
Programming Done.
Verify OK.
13.axf" 
Connecting: Mode=JTAG, Speed=1000000Hz
Erase Done.
Programming Done.
Verify OK.
