<html>
<body>
<pre>
<h1>µVision Build Log</h1>
<h2>Project:</h2>
F:\Programming\TM4C\4C123\SpaceInvaders_Code\SpaceInvaders.uvproj
Project File Date:  07/08/2014

<h2>Output:</h2>
Build target 'SpaceInvaders'
compiling SpaceInvaders.c...
linking...
Program Size: Code=8728 RO-data=19852 RW-data=120 ZI-data=2352  
".\SpaceInvaders.axf" - 0 Error(s), 0 Warning(s).
Load "F:\\Programming\\TM4C\\4C123\\SpaceInvaders_Code\\SpaceInvaders.axf" 
Connecting: Mode=JTAG, Speed=1000000Hz
Connection failed!, error code=&d
Error: Flash Download failed  -  Target DLL has been cancelled
Load "F:\\Programming\\TM4C\\4C123\\SpaceInvaders_Code\\SpaceInvaders.axf" 
Connecting: Mode=JTAG, Speed=1000000Hz
Connection failed!, error code=&d
Error: Flash Download failed  -  Target DLL has been cancelled
</pre>
</body>
</html>
12): warning:  #177-D: variable "delay" was declared but never referenced
        unsigned long delay= 0;
DAC.c: 1 warning, 0 errors
compiling ADC.c...
ADC.c(15): warning:  #550-D: variable "delay" was set but never used
        unsigned long delay;
ADC.c: 1 warning, 0 errors
compiling Sound.c...
".\SpaceInvaders.axf" - 3 Error(s), 2 Warning(s).
Target not created
