<html>
<body>
<pre>
<h1>µVision Build Log</h1>
<h2>Project:</h2>
F:\Programming\TM4C\4C123\Qafer Labs Workshop\UART0\PC-uC Communication.uvproj
Project File Date:  05/23/2014

<h2>Output:</h2>
Build target 'PC-uC Communication'
compiling main.c...
linking...
Program Size: Code=1932 RO-data=92 RW-data=0 ZI-data=1120  
".\PC-uC Communication.axf" - 0 Error(s), 0 Warning(s).
Load "F:\\Programming\\TM4C\\4C123\\Qafer Labs Workshop\\UART0\\PC-uC Communication.axf" 
Connecting: Mode=JTAG, Speed=1000000Hz
Erase Done.
Programming Done.
Verify OK.
</pre>
</body>
</html>
