<html>
<body>
<pre>
<h1>µVision Build Log</h1>
<h2>Project:</h2>
F:\Programming\TM4C\4C123\Qafer Labs Workshop\Embedded Systems using ARM-Cortex Workshop\Day3\PWM & Edge Trigger Interrupts\PWM & Edge Trigger Interrupts.uvproj
Project File Date:  04/11/2015

<h2>Output:</h2>
Build target 'Tuning Fork'
compiling MotorControl.c...
assembling startup.s...
compiling PLL.c...
compiling SysTick.c...
compiling UART0.c...
compiling Timer0PWM.c...
linking...
Program Size: Code=2384 RO-data=32 RW-data=8 ZI-data=1120  
".\PWM & Edge Trigger Interrupts.axf" - 0 Error(s), 0 Warning(s).
