<html>
<body>
<pre>
<h1>µVision Build Log</h1>
<h2>Project:</h2>
F:\Programming\TM4C\4C123\Qafer Labs Workshop\PC Controls uC over UART\PC Controls uC over UART.uvproj
Project File Date:  04/06/2015

<h2>Output:</h2>
Build target 'PC Controls uC over UART'
compiling main.c...
linking...
Program Size: Code=1700 RO-data=48 RW-data=0 ZI-data=1120  
".\PC Controls uC over UART.axf" - 0 Error(s), 0 Warning(s).
</pre>
</body>
</html>
 the command
main.c: 0 warnings, 1 error
compiling PLL.c...
assembling startup.s...
compiling UART0.c...
".\PC Controls uC over UART.axf" - 1 Error(s), 0 Warning(s).
Target not created
