<html>
<body>
<pre>
<h1>µVision Build Log</h1>
<h2>Project:</h2>
F:\Programming\TM4C\4C123\Qafer Labs Workshop\Embedded Systems using ARM-Cortex Workshop\Day2\Nokia5110_SSI\Nokia5110_SSI.uvproj
Project File Date:  06/08/2014

<h2>Output:</h2>
Build target 'SSI_Nokia5110'
compiling main.c...
compiling SSI_Nokia5110.c...
linking...
Program Size: Code=1668 RO-data=512 RW-data=4 ZI-data=1124  
".\UART.axf" - 0 Error(s), 0 Warning(s).
Load "F:\\Programming\\TM4C\\4C123\\Qafer Labs Workshop\\Embedded Systems using ARM-Cortex Workshop\\Day2\\Nokia5110_SSI\\UART.axf" 
Connecting: Mode=JTAG, Speed=1000000Hz
Erase Done.
Programming Done.
Verify OK.
</pre>
</body>
</html>
