<html>
<body>
<pre>
<h1>µVision Build Log</h1>
<h2>Project:</h2>
F:\Programming\TM4C\4C123\Qafer Labs Workshop\Embedded Systems using ARM-Cortex Workshop\Day4\Piano\Piano.uvproj
Project File Date:  05/02/2015

<h2>Output:</h2>
Build target 'main'
compiling main.c...
main.c(62): warning:  #550-D: variable "delay" was set but never used
        unsigned long delay;
main.c: 1 warning, 0 errors
linking...
Program Size: Code=1754 RO-data=66 RW-data=8 ZI-data=1120  
".\4-bit Piano.axf" - 0 Error(s), 1 Warning(s).
Load "F:\\Programming\\TM4C\\4C123\\Qafer Labs Workshop\\Embedded Systems using ARM-Cortex Workshop\\Day4\\Piano\\4-bit Piano.axf" 
Connecting: Mode=JTAG, Speed=1000000Hz
Erase Done.
Programming Done.
Verify OK.
</pre>
</body>
</html>
ano.axf" 
Connecting: Mode=JTAG, Speed=1000000Hz
Erase Done.
Programming Done.
Verify OK.
ng Done.
Verify OK.
